21:25:24 INFO: Hostile v2.0.2. Mode: paired short read (Bowtie2)
21:25:24 INFO: Found cached standard index human-t2t-hla-argos985
21:25:24 INFO: Cleaning…
21:25:40 INFO: Cleaning complete
[
    {
        "version": "2.0.2",
        "aligner": "bowtie2",
        "index": "human-t2t-hla-argos985",
        "options": [],
        "fastq1_in_name": "SRR14117784_1.fastq.gz",
        "fastq1_in_path": "/WORKING_DIRECTORY/lvelo/Apps/CTomics/scripts/cho_qc/SRR14117784_1.fastq.gz",
        "reads_in": 2060884,
        "reads_out": 713472,
        "reads_removed": 1347412,
        "reads_removed_proportion": 0.6538,
        "fastq2_in_name": "SRR14117784_2.fastq.gz",
        "fastq2_in_path": "/WORKING_DIRECTORY/lvelo/Apps/CTomics/scripts/cho_qc/SRR14117784_2.fastq.gz",
        "fastq1_out_name": "SRR14117784_1.clean_1.fastq.gz",
        "fastq1_out_path": "cho_dehost/SRR14117784_1.clean_1.fastq.gz",
        "fastq2_out_name": "SRR14117784_2.clean_2.fastq.gz",
        "fastq2_out_path": "cho_dehost/SRR14117784_2.clean_2.fastq.gz"
    }
]
