20:54:08 INFO: Hostile v2.0.2. Mode: paired short read (Bowtie2)
20:54:08 INFO: Found cached standard index human-t2t-hla-argos985
20:54:08 INFO: Cleaning…
20:56:15 INFO: Cleaning complete
[
    {
        "version": "2.0.2",
        "aligner": "bowtie2",
        "index": "human-t2t-hla-argos985",
        "options": [],
        "fastq1_in_name": "SRR14117765_1.fastq.gz",
        "fastq1_in_path": "/WORKING_DIRECTORY/lvelo/Apps/CTomics/scripts/cho_qc/SRR14117765_1.fastq.gz",
        "reads_in": 26487384,
        "reads_out": 26340670,
        "reads_removed": 146714,
        "reads_removed_proportion": 0.00554,
        "fastq2_in_name": "SRR14117765_2.fastq.gz",
        "fastq2_in_path": "/WORKING_DIRECTORY/lvelo/Apps/CTomics/scripts/cho_qc/SRR14117765_2.fastq.gz",
        "fastq1_out_name": "SRR14117765_1.clean_1.fastq.gz",
        "fastq1_out_path": "cho_dehost/SRR14117765_1.clean_1.fastq.gz",
        "fastq2_out_name": "SRR14117765_2.clean_2.fastq.gz",
        "fastq2_out_path": "cho_dehost/SRR14117765_2.clean_2.fastq.gz"
    }
]
