23:20:37 INFO: Hostile v2.0.2. Mode: paired short read (Bowtie2)
23:20:37 INFO: Found cached standard index human-t2t-hla-argos985
23:20:37 INFO: Cleaning…
23:24:33 INFO: Cleaning complete
[
    {
        "version": "2.0.2",
        "aligner": "bowtie2",
        "index": "human-t2t-hla-argos985",
        "options": [],
        "fastq1_in_name": "SRR14117836_1.fastq.gz",
        "fastq1_in_path": "/WORKING_DIRECTORY/lvelo/Apps/CTomics/scripts/cho_qc/SRR14117836_1.fastq.gz",
        "reads_in": 20353486,
        "reads_out": 534272,
        "reads_removed": 19819214,
        "reads_removed_proportion": 0.97375,
        "fastq2_in_name": "SRR14117836_2.fastq.gz",
        "fastq2_in_path": "/WORKING_DIRECTORY/lvelo/Apps/CTomics/scripts/cho_qc/SRR14117836_2.fastq.gz",
        "fastq1_out_name": "SRR14117836_1.clean_1.fastq.gz",
        "fastq1_out_path": "cho_dehost/SRR14117836_1.clean_1.fastq.gz",
        "fastq2_out_name": "SRR14117836_2.clean_2.fastq.gz",
        "fastq2_out_path": "cho_dehost/SRR14117836_2.clean_2.fastq.gz"
    }
]
