21:22:39 INFO: Hostile v2.0.2. Mode: paired short read (Bowtie2)
21:22:39 INFO: Found cached standard index human-t2t-hla-argos985
21:22:39 INFO: Cleaning…
21:25:23 INFO: Cleaning complete
[
    {
        "version": "2.0.2",
        "aligner": "bowtie2",
        "index": "human-t2t-hla-argos985",
        "options": [],
        "fastq1_in_name": "SRR14117783_1.fastq.gz",
        "fastq1_in_path": "/WORKING_DIRECTORY/lvelo/Apps/CTomics/scripts/cho_qc/SRR14117783_1.fastq.gz",
        "reads_in": 14350792,
        "reads_out": 557580,
        "reads_removed": 13793212,
        "reads_removed_proportion": 0.96115,
        "fastq2_in_name": "SRR14117783_2.fastq.gz",
        "fastq2_in_path": "/WORKING_DIRECTORY/lvelo/Apps/CTomics/scripts/cho_qc/SRR14117783_2.fastq.gz",
        "fastq1_out_name": "SRR14117783_1.clean_1.fastq.gz",
        "fastq1_out_path": "cho_dehost/SRR14117783_1.clean_1.fastq.gz",
        "fastq2_out_name": "SRR14117783_2.clean_2.fastq.gz",
        "fastq2_out_path": "cho_dehost/SRR14117783_2.clean_2.fastq.gz"
    }
]
