20:46:51 INFO: Hostile v2.0.2. Mode: paired short read (Bowtie2)
20:46:51 INFO: Found cached standard index human-t2t-hla-argos985
20:46:51 INFO: Cleaning…
20:48:55 INFO: Cleaning complete
[
    {
        "version": "2.0.2",
        "aligner": "bowtie2",
        "index": "human-t2t-hla-argos985",
        "options": [],
        "fastq1_in_name": "SRR14117761_1.fastq.gz",
        "fastq1_in_path": "/WORKING_DIRECTORY/lvelo/Apps/CTomics/scripts/cho_qc/SRR14117761_1.fastq.gz",
        "reads_in": 23854434,
        "reads_out": 23688676,
        "reads_removed": 165758,
        "reads_removed_proportion": 0.00695,
        "fastq2_in_name": "SRR14117761_2.fastq.gz",
        "fastq2_in_path": "/WORKING_DIRECTORY/lvelo/Apps/CTomics/scripts/cho_qc/SRR14117761_2.fastq.gz",
        "fastq1_out_name": "SRR14117761_1.clean_1.fastq.gz",
        "fastq1_out_path": "cho_dehost/SRR14117761_1.clean_1.fastq.gz",
        "fastq2_out_name": "SRR14117761_2.clean_2.fastq.gz",
        "fastq2_out_path": "cho_dehost/SRR14117761_2.clean_2.fastq.gz"
    }
]
