20:26:12 INFO: Hostile v2.0.2. Mode: paired short read (Bowtie2)
20:26:12 INFO: Found cached standard index human-t2t-hla-argos985
20:26:12 INFO: Cleaning…
20:28:11 INFO: Cleaning complete
[
    {
        "version": "2.0.2",
        "aligner": "bowtie2",
        "index": "human-t2t-hla-argos985",
        "options": [],
        "fastq1_in_name": "SRR14117752_1.fastq.gz",
        "fastq1_in_path": "/WORKING_DIRECTORY/lvelo/Apps/CTomics/scripts/cho_qc/SRR14117752_1.fastq.gz",
        "reads_in": 24816008,
        "reads_out": 24684608,
        "reads_removed": 131400,
        "reads_removed_proportion": 0.00529,
        "fastq2_in_name": "SRR14117752_2.fastq.gz",
        "fastq2_in_path": "/WORKING_DIRECTORY/lvelo/Apps/CTomics/scripts/cho_qc/SRR14117752_2.fastq.gz",
        "fastq1_out_name": "SRR14117752_1.clean_1.fastq.gz",
        "fastq1_out_path": "cho_dehost/SRR14117752_1.clean_1.fastq.gz",
        "fastq2_out_name": "SRR14117752_2.clean_2.fastq.gz",
        "fastq2_out_path": "cho_dehost/SRR14117752_2.clean_2.fastq.gz"
    }
]
