20:48:56 INFO: Hostile v2.0.2. Mode: paired short read (Bowtie2)
20:48:57 INFO: Found cached standard index human-t2t-hla-argos985
20:48:57 INFO: Cleaning…
20:50:56 INFO: Cleaning complete
[
    {
        "version": "2.0.2",
        "aligner": "bowtie2",
        "index": "human-t2t-hla-argos985",
        "options": [],
        "fastq1_in_name": "SRR14117762_1.fastq.gz",
        "fastq1_in_path": "/WORKING_DIRECTORY/lvelo/Apps/CTomics/scripts/cho_qc/SRR14117762_1.fastq.gz",
        "reads_in": 23342988,
        "reads_out": 23053132,
        "reads_removed": 289856,
        "reads_removed_proportion": 0.01242,
        "fastq2_in_name": "SRR14117762_2.fastq.gz",
        "fastq2_in_path": "/WORKING_DIRECTORY/lvelo/Apps/CTomics/scripts/cho_qc/SRR14117762_2.fastq.gz",
        "fastq1_out_name": "SRR14117762_1.clean_1.fastq.gz",
        "fastq1_out_path": "cho_dehost/SRR14117762_1.clean_1.fastq.gz",
        "fastq2_out_name": "SRR14117762_2.clean_2.fastq.gz",
        "fastq2_out_path": "cho_dehost/SRR14117762_2.clean_2.fastq.gz"
    }
]
