20:31:55 INFO: Hostile v2.0.2. Mode: paired short read (Bowtie2)
20:31:55 INFO: Found cached standard index human-t2t-hla-argos985
20:31:55 INFO: Cleaning…
20:34:07 INFO: Cleaning complete
[
    {
        "version": "2.0.2",
        "aligner": "bowtie2",
        "index": "human-t2t-hla-argos985",
        "options": [],
        "fastq1_in_name": "SRR14117755_1.fastq.gz",
        "fastq1_in_path": "/WORKING_DIRECTORY/lvelo/Apps/CTomics/scripts/cho_qc/SRR14117755_1.fastq.gz",
        "reads_in": 16566862,
        "reads_out": 7431406,
        "reads_removed": 9135456,
        "reads_removed_proportion": 0.55143,
        "fastq2_in_name": "SRR14117755_2.fastq.gz",
        "fastq2_in_path": "/WORKING_DIRECTORY/lvelo/Apps/CTomics/scripts/cho_qc/SRR14117755_2.fastq.gz",
        "fastq1_out_name": "SRR14117755_1.clean_1.fastq.gz",
        "fastq1_out_path": "cho_dehost/SRR14117755_1.clean_1.fastq.gz",
        "fastq2_out_name": "SRR14117755_2.clean_2.fastq.gz",
        "fastq2_out_path": "cho_dehost/SRR14117755_2.clean_2.fastq.gz"
    }
]
