22:55:43 INFO: Hostile v2.0.2. Mode: paired short read (Bowtie2)
22:55:43 INFO: Found cached standard index human-t2t-hla-argos985
22:55:43 INFO: Cleaning…
22:59:53 INFO: Cleaning complete
[
    {
        "version": "2.0.2",
        "aligner": "bowtie2",
        "index": "human-t2t-hla-argos985",
        "options": [],
        "fastq1_in_name": "SRR14117827_1.fastq.gz",
        "fastq1_in_path": "/WORKING_DIRECTORY/lvelo/Apps/CTomics/scripts/cho_qc/SRR14117827_1.fastq.gz",
        "reads_in": 20947406,
        "reads_out": 507440,
        "reads_removed": 20439966,
        "reads_removed_proportion": 0.97578,
        "fastq2_in_name": "SRR14117827_2.fastq.gz",
        "fastq2_in_path": "/WORKING_DIRECTORY/lvelo/Apps/CTomics/scripts/cho_qc/SRR14117827_2.fastq.gz",
        "fastq1_out_name": "SRR14117827_1.clean_1.fastq.gz",
        "fastq1_out_path": "cho_dehost/SRR14117827_1.clean_1.fastq.gz",
        "fastq2_out_name": "SRR14117827_2.clean_2.fastq.gz",
        "fastq2_out_path": "cho_dehost/SRR14117827_2.clean_2.fastq.gz"
    }
]
