22:26:23 INFO: Hostile v2.0.2. Mode: paired short read (Bowtie2)
22:26:23 INFO: Found cached standard index human-t2t-hla-argos985
22:26:23 INFO: Cleaning…
22:31:23 INFO: Cleaning complete
[
    {
        "version": "2.0.2",
        "aligner": "bowtie2",
        "index": "human-t2t-hla-argos985",
        "options": [],
        "fastq1_in_name": "SRR14117820_1.fastq.gz",
        "fastq1_in_path": "/WORKING_DIRECTORY/lvelo/Apps/CTomics/scripts/cho_qc/SRR14117820_1.fastq.gz",
        "reads_in": 26316922,
        "reads_out": 1906080,
        "reads_removed": 24410842,
        "reads_removed_proportion": 0.92757,
        "fastq2_in_name": "SRR14117820_2.fastq.gz",
        "fastq2_in_path": "/WORKING_DIRECTORY/lvelo/Apps/CTomics/scripts/cho_qc/SRR14117820_2.fastq.gz",
        "fastq1_out_name": "SRR14117820_1.clean_1.fastq.gz",
        "fastq1_out_path": "cho_dehost/SRR14117820_1.clean_1.fastq.gz",
        "fastq2_out_name": "SRR14117820_2.clean_2.fastq.gz",
        "fastq2_out_path": "cho_dehost/SRR14117820_2.clean_2.fastq.gz"
    }
]
