23:08:48 INFO: Hostile v2.0.2. Mode: paired short read (Bowtie2)
23:08:48 INFO: Found cached standard index human-t2t-hla-argos985
23:08:48 INFO: Cleaning…
23:14:12 INFO: Cleaning complete
[
    {
        "version": "2.0.2",
        "aligner": "bowtie2",
        "index": "human-t2t-hla-argos985",
        "options": [],
        "fastq1_in_name": "SRR14117832_1.fastq.gz",
        "fastq1_in_path": "/WORKING_DIRECTORY/lvelo/Apps/CTomics/scripts/cho_qc/SRR14117832_1.fastq.gz",
        "reads_in": 26855420,
        "reads_out": 272438,
        "reads_removed": 26582982,
        "reads_removed_proportion": 0.98986,
        "fastq2_in_name": "SRR14117832_2.fastq.gz",
        "fastq2_in_path": "/WORKING_DIRECTORY/lvelo/Apps/CTomics/scripts/cho_qc/SRR14117832_2.fastq.gz",
        "fastq1_out_name": "SRR14117832_1.clean_1.fastq.gz",
        "fastq1_out_path": "cho_dehost/SRR14117832_1.clean_1.fastq.gz",
        "fastq2_out_name": "SRR14117832_2.clean_2.fastq.gz",
        "fastq2_out_path": "cho_dehost/SRR14117832_2.clean_2.fastq.gz"
    }
]
