21:58:45 INFO: Hostile v2.0.2. Mode: paired short read (Bowtie2)
21:58:45 INFO: Found cached standard index human-t2t-hla-argos985
21:58:45 INFO: Cleaning…
22:03:06 INFO: Cleaning complete
[
    {
        "version": "2.0.2",
        "aligner": "bowtie2",
        "index": "human-t2t-hla-argos985",
        "options": [],
        "fastq1_in_name": "SRR14117811_1.fastq.gz",
        "fastq1_in_path": "/WORKING_DIRECTORY/lvelo/Apps/CTomics/scripts/cho_qc/SRR14117811_1.fastq.gz",
        "reads_in": 22534230,
        "reads_out": 292778,
        "reads_removed": 22241452,
        "reads_removed_proportion": 0.98701,
        "fastq2_in_name": "SRR14117811_2.fastq.gz",
        "fastq2_in_path": "/WORKING_DIRECTORY/lvelo/Apps/CTomics/scripts/cho_qc/SRR14117811_2.fastq.gz",
        "fastq1_out_name": "SRR14117811_1.clean_1.fastq.gz",
        "fastq1_out_path": "cho_dehost/SRR14117811_1.clean_1.fastq.gz",
        "fastq2_out_name": "SRR14117811_2.clean_2.fastq.gz",
        "fastq2_out_path": "cho_dehost/SRR14117811_2.clean_2.fastq.gz"
    }
]
