20:41:01 INFO: Hostile v2.0.2. Mode: paired short read (Bowtie2)
20:41:01 INFO: Found cached standard index human-t2t-hla-argos985
20:41:01 INFO: Cleaning…
20:42:18 INFO: Cleaning complete
[
    {
        "version": "2.0.2",
        "aligner": "bowtie2",
        "index": "human-t2t-hla-argos985",
        "options": [],
        "fastq1_in_name": "SRR14117758_1.fastq.gz",
        "fastq1_in_path": "/WORKING_DIRECTORY/lvelo/Apps/CTomics/scripts/cho_qc/SRR14117758_1.fastq.gz",
        "reads_in": 14932362,
        "reads_out": 14840004,
        "reads_removed": 92358,
        "reads_removed_proportion": 0.00619,
        "fastq2_in_name": "SRR14117758_2.fastq.gz",
        "fastq2_in_path": "/WORKING_DIRECTORY/lvelo/Apps/CTomics/scripts/cho_qc/SRR14117758_2.fastq.gz",
        "fastq1_out_name": "SRR14117758_1.clean_1.fastq.gz",
        "fastq1_out_path": "cho_dehost/SRR14117758_1.clean_1.fastq.gz",
        "fastq2_out_name": "SRR14117758_2.clean_2.fastq.gz",
        "fastq2_out_path": "cho_dehost/SRR14117758_2.clean_2.fastq.gz"
    }
]
