22:20:18 INFO: Hostile v2.0.2. Mode: paired short read (Bowtie2)
22:20:19 INFO: Found cached standard index human-t2t-hla-argos985
22:20:19 INFO: Cleaning…
22:24:27 INFO: Cleaning complete
[
    {
        "version": "2.0.2",
        "aligner": "bowtie2",
        "index": "human-t2t-hla-argos985",
        "options": [],
        "fastq1_in_name": "SRR14117817_1.fastq.gz",
        "fastq1_in_path": "/WORKING_DIRECTORY/lvelo/Apps/CTomics/scripts/cho_qc/SRR14117817_1.fastq.gz",
        "reads_in": 22994640,
        "reads_out": 2674526,
        "reads_removed": 20320114,
        "reads_removed_proportion": 0.88369,
        "fastq2_in_name": "SRR14117817_2.fastq.gz",
        "fastq2_in_path": "/WORKING_DIRECTORY/lvelo/Apps/CTomics/scripts/cho_qc/SRR14117817_2.fastq.gz",
        "fastq1_out_name": "SRR14117817_1.clean_1.fastq.gz",
        "fastq1_out_path": "cho_dehost/SRR14117817_1.clean_1.fastq.gz",
        "fastq2_out_name": "SRR14117817_2.clean_2.fastq.gz",
        "fastq2_out_path": "cho_dehost/SRR14117817_2.clean_2.fastq.gz"
    }
]
