20:28:12 INFO: Hostile v2.0.2. Mode: paired short read (Bowtie2)
20:28:12 INFO: Found cached standard index human-t2t-hla-argos985
20:28:12 INFO: Cleaning…
20:29:37 INFO: Cleaning complete
[
    {
        "version": "2.0.2",
        "aligner": "bowtie2",
        "index": "human-t2t-hla-argos985",
        "options": [],
        "fastq1_in_name": "SRR14117753_1.fastq.gz",
        "fastq1_in_path": "/WORKING_DIRECTORY/lvelo/Apps/CTomics/scripts/cho_qc/SRR14117753_1.fastq.gz",
        "reads_in": 17354540,
        "reads_out": 17244482,
        "reads_removed": 110058,
        "reads_removed_proportion": 0.00634,
        "fastq2_in_name": "SRR14117753_2.fastq.gz",
        "fastq2_in_path": "/WORKING_DIRECTORY/lvelo/Apps/CTomics/scripts/cho_qc/SRR14117753_2.fastq.gz",
        "fastq1_out_name": "SRR14117753_1.clean_1.fastq.gz",
        "fastq1_out_path": "cho_dehost/SRR14117753_1.clean_1.fastq.gz",
        "fastq2_out_name": "SRR14117753_2.clean_2.fastq.gz",
        "fastq2_out_path": "cho_dehost/SRR14117753_2.clean_2.fastq.gz"
    }
]
