23:24:35 INFO: Hostile v2.0.2. Mode: paired short read (Bowtie2)
23:24:35 INFO: Found cached standard index human-t2t-hla-argos985
23:24:35 INFO: Cleaning…
23:29:04 INFO: Cleaning complete
[
    {
        "version": "2.0.2",
        "aligner": "bowtie2",
        "index": "human-t2t-hla-argos985",
        "options": [],
        "fastq1_in_name": "SRR14117837_1.fastq.gz",
        "fastq1_in_path": "/WORKING_DIRECTORY/lvelo/Apps/CTomics/scripts/cho_qc/SRR14117837_1.fastq.gz",
        "reads_in": 22736934,
        "reads_out": 265214,
        "reads_removed": 22471720,
        "reads_removed_proportion": 0.98834,
        "fastq2_in_name": "SRR14117837_2.fastq.gz",
        "fastq2_in_path": "/WORKING_DIRECTORY/lvelo/Apps/CTomics/scripts/cho_qc/SRR14117837_2.fastq.gz",
        "fastq1_out_name": "SRR14117837_1.clean_1.fastq.gz",
        "fastq1_out_path": "cho_dehost/SRR14117837_1.clean_1.fastq.gz",
        "fastq2_out_name": "SRR14117837_2.clean_2.fastq.gz",
        "fastq2_out_path": "cho_dehost/SRR14117837_2.clean_2.fastq.gz"
    }
]
