21:22:06 INFO: Hostile v2.0.2. Mode: paired short read (Bowtie2)
21:22:06 INFO: Found cached standard index human-t2t-hla-argos985
21:22:06 INFO: Cleaning…
21:22:12 INFO: Cleaning complete
[
    {
        "version": "2.0.2",
        "aligner": "bowtie2",
        "index": "human-t2t-hla-argos985",
        "options": [],
        "fastq1_in_name": "SRR14117779_1.fastq.gz",
        "fastq1_in_path": "/WORKING_DIRECTORY/lvelo/Apps/CTomics/scripts/cho_qc/SRR14117779_1.fastq.gz",
        "reads_in": 1077564,
        "reads_out": 929308,
        "reads_removed": 148256,
        "reads_removed_proportion": 0.13758,
        "fastq2_in_name": "SRR14117779_2.fastq.gz",
        "fastq2_in_path": "/WORKING_DIRECTORY/lvelo/Apps/CTomics/scripts/cho_qc/SRR14117779_2.fastq.gz",
        "fastq1_out_name": "SRR14117779_1.clean_1.fastq.gz",
        "fastq1_out_path": "cho_dehost/SRR14117779_1.clean_1.fastq.gz",
        "fastq2_out_name": "SRR14117779_2.clean_2.fastq.gz",
        "fastq2_out_path": "cho_dehost/SRR14117779_2.clean_2.fastq.gz"
    }
]
