23:05:32 INFO: Hostile v2.0.2. Mode: paired short read (Bowtie2)
23:05:33 INFO: Found cached standard index human-t2t-hla-argos985
23:05:33 INFO: Cleaning…
23:08:47 INFO: Cleaning complete
[
    {
        "version": "2.0.2",
        "aligner": "bowtie2",
        "index": "human-t2t-hla-argos985",
        "options": [],
        "fastq1_in_name": "SRR14117831_1.fastq.gz",
        "fastq1_in_path": "/WORKING_DIRECTORY/lvelo/Apps/CTomics/scripts/cho_qc/SRR14117831_1.fastq.gz",
        "reads_in": 20458856,
        "reads_out": 2748604,
        "reads_removed": 17710252,
        "reads_removed_proportion": 0.86565,
        "fastq2_in_name": "SRR14117831_2.fastq.gz",
        "fastq2_in_path": "/WORKING_DIRECTORY/lvelo/Apps/CTomics/scripts/cho_qc/SRR14117831_2.fastq.gz",
        "fastq1_out_name": "SRR14117831_1.clean_1.fastq.gz",
        "fastq1_out_path": "cho_dehost/SRR14117831_1.clean_1.fastq.gz",
        "fastq2_out_name": "SRR14117831_2.clean_2.fastq.gz",
        "fastq2_out_path": "cho_dehost/SRR14117831_2.clean_2.fastq.gz"
    }
]
