21:54:39 INFO: Hostile v2.0.2. Mode: paired short read (Bowtie2)
21:54:40 INFO: Found cached standard index human-t2t-hla-argos985
21:54:40 INFO: Cleaning…
21:56:25 INFO: Cleaning complete
[
    {
        "version": "2.0.2",
        "aligner": "bowtie2",
        "index": "human-t2t-hla-argos985",
        "options": [],
        "fastq1_in_name": "SRR14117809_1.fastq.gz",
        "fastq1_in_path": "/WORKING_DIRECTORY/lvelo/Apps/CTomics/scripts/cho_qc/SRR14117809_1.fastq.gz",
        "reads_in": 22237904,
        "reads_out": 22066674,
        "reads_removed": 171230,
        "reads_removed_proportion": 0.0077,
        "fastq2_in_name": "SRR14117809_2.fastq.gz",
        "fastq2_in_path": "/WORKING_DIRECTORY/lvelo/Apps/CTomics/scripts/cho_qc/SRR14117809_2.fastq.gz",
        "fastq1_out_name": "SRR14117809_1.clean_1.fastq.gz",
        "fastq1_out_path": "cho_dehost/SRR14117809_1.clean_1.fastq.gz",
        "fastq2_out_name": "SRR14117809_2.clean_2.fastq.gz",
        "fastq2_out_path": "cho_dehost/SRR14117809_2.clean_2.fastq.gz"
    }
]
