22:05:49 INFO: Hostile v2.0.2. Mode: paired short read (Bowtie2)
22:05:50 INFO: Found cached standard index human-t2t-hla-argos985
22:05:50 INFO: Cleaning…
22:09:31 INFO: Cleaning complete
[
    {
        "version": "2.0.2",
        "aligner": "bowtie2",
        "index": "human-t2t-hla-argos985",
        "options": [],
        "fastq1_in_name": "SRR14117813_1.fastq.gz",
        "fastq1_in_path": "/WORKING_DIRECTORY/lvelo/Apps/CTomics/scripts/cho_qc/SRR14117813_1.fastq.gz",
        "reads_in": 19891866,
        "reads_out": 1276820,
        "reads_removed": 18615046,
        "reads_removed_proportion": 0.93581,
        "fastq2_in_name": "SRR14117813_2.fastq.gz",
        "fastq2_in_path": "/WORKING_DIRECTORY/lvelo/Apps/CTomics/scripts/cho_qc/SRR14117813_2.fastq.gz",
        "fastq1_out_name": "SRR14117813_1.clean_1.fastq.gz",
        "fastq1_out_path": "cho_dehost/SRR14117813_1.clean_1.fastq.gz",
        "fastq2_out_name": "SRR14117813_2.clean_2.fastq.gz",
        "fastq2_out_path": "cho_dehost/SRR14117813_2.clean_2.fastq.gz"
    }
]
